<?xml version="1.0" encoding="utf-8"?><testsuites name="pytest tests"><testsuite name="pytest" errors="0" failures="0" skipped="0" tests="4" time="2.776" timestamp="2026-01-27T17:10:38.515681-06:00" hostname="cesar-aveleyra"><testcase classname="tests.api.test_api.TestBatchPipeline" name="test_should_failed_unkown_column_1" time="0.011" /><testcase classname="tests.api.test_api.TestBatchPipeline" name="test_should_failed_unkown_column_2" time="0.006" /><testcase classname="tests.api.test_api.TestBatchPipeline" name="test_should_failed_unkown_column_3" time="0.006" /><testcase classname="tests.api.test_api.TestBatchPipeline" name="test_should_get_predict" time="0.022" /></testsuite></testsuites>